#-----------------------------------------------------------
# Vivado v2024.2 (64-bit)
# SW Build 5239630 on Fri Nov 08 22:35:27 MST 2024
# IP Build 5239520 on Sun Nov 10 16:12:51 MST 2024
# SharedData Build 5239561 on Fri Nov 08 14:39:27 MST 2024
# Start of session at: Tue Oct  7 19:58:23 2025
# Process ID         : 21404
# Current directory  : D:/Verilog-Practice/Traffic Light Controller/Traffic Light Controller.runs/impl_1
# Command line       : vivado.exe -log traffic_light.vdi -applog -product Vivado -messageDb vivado.pb -mode batch -source traffic_light.tcl -notrace
# Log file           : D:/Verilog-Practice/Traffic Light Controller/Traffic Light Controller.runs/impl_1/traffic_light.vdi
# Journal file       : D:/Verilog-Practice/Traffic Light Controller/Traffic Light Controller.runs/impl_1\vivado.jou
# Running On         : Dev_Lappy
# Platform           : Windows Server 2016 or Windows 10
# Operating System   : 26100
# Processor Detail   : AMD Ryzen 5 5500U with Radeon Graphics         
# CPU Frequency      : 2096 MHz
# CPU Physical cores : 6
# CPU Logical cores  : 12
# Host memory        : 7866 MB
# Swap memory        : 7369 MB
# Total Virtual      : 15235 MB
# Available Virtual  : 2792 MB
#-----------------------------------------------------------
source traffic_light.tcl -notrace
