#-----------------------------------------------------------
# Vivado v2024.2 (64-bit)
# SW Build 5239630 on Fri Nov 08 22:35:27 MST 2024
# IP Build 5239520 on Sun Nov 10 16:12:51 MST 2024
# SharedData Build 5239561 on Fri Nov 08 14:39:27 MST 2024
# Start of session at: Tue Oct  7 19:57:37 2025
# Process ID         : 10048
# Current directory  : D:/Verilog-Practice/Traffic Light Controller/Traffic Light Controller.runs/synth_1
# Command line       : vivado.exe -log traffic_light.vds -product Vivado -mode batch -messageDb vivado.pb -notrace -source traffic_light.tcl
# Log file           : D:/Verilog-Practice/Traffic Light Controller/Traffic Light Controller.runs/synth_1/traffic_light.vds
# Journal file       : D:/Verilog-Practice/Traffic Light Controller/Traffic Light Controller.runs/synth_1\vivado.jou
# Running On         : Dev_Lappy
# Platform           : Windows Server 2016 or Windows 10
# Operating System   : 26100
# Processor Detail   : AMD Ryzen 5 5500U with Radeon Graphics         
# CPU Frequency      : 2096 MHz
# CPU Physical cores : 6
# CPU Logical cores  : 12
# Host memory        : 7866 MB
# Swap memory        : 7369 MB
# Total Virtual      : 15235 MB
# Available Virtual  : 2765 MB
#-----------------------------------------------------------
source traffic_light.tcl -notrace
